CREATE EXTENSION pg_protobuf;
SELECT protobuf_decode(null);
 protobuf_decode 
-----------------
 
(1 row)

SELECT protobuf_decode('garbage' :: bytea);
ERROR:  Usupported protobuf type.
DETAIL:  pg_protobuf doesn't support type with id 7 yet.
HINT:  Sorry for that :( Patches are welcome!
SELECT protobuf_decode(E'\\x0a0365617810321880022202100f' :: bytea);
                protobuf_decode                 
------------------------------------------------
 type = bytes, tag = 1, length = 3, offset = 2 +
 type = integer, tag = 2, value = 50           +
 type = integer, tag = 3, value = 256          +
 type = bytes, tag = 4, length = 2, offset = 12+
 
(1 row)

SELECT protobuf_decode(E'\\x0a07616669736b6f6e10191880082a060a0200011064' :: bytea);
                protobuf_decode                 
------------------------------------------------
 type = bytes, tag = 1, length = 7, offset = 2 +
 type = integer, tag = 2, value = 25           +
 type = integer, tag = 3, value = 1024         +
 type = bytes, tag = 5, length = 6, offset = 16+
 
(1 row)

SELECT protobuf_get_int(null, 1);
 protobuf_get_int 
------------------
                 
(1 row)

SELECT protobuf_get_int(E'\\x0a07616669736b6f6e10191880082a060a0200011064' :: bytea, 1);
 protobuf_get_int 
------------------
                 
(1 row)

SELECT protobuf_get_int(E'\\x0a07616669736b6f6e10191880082a060a0200011064' :: bytea, 2);
 protobuf_get_int 
------------------
               25
(1 row)

SELECT protobuf_get_int(E'\\x0a07616669736b6f6e10191880082a060a0200011064' :: bytea, 3);
 protobuf_get_int 
------------------
             1024
(1 row)

SELECT protobuf_get_bytes(null, 1);
 protobuf_get_bytes 
--------------------
 
(1 row)

SELECT protobuf_get_bytes(E'\\x0a0365617810321880022202100f' :: bytea, 1);
 protobuf_get_bytes 
--------------------
 \x656178
(1 row)

SELECT protobuf_get_bytes(E'\\x0a0365617810321880022202100f' :: bytea, 4);
 protobuf_get_bytes 
--------------------
 \x100f
(1 row)

SELECT protobuf_get_bytes(E'\\x0a0365617810321880022202100f' :: bytea, 5);
 protobuf_get_bytes 
--------------------
 
(1 row)

SELECT protobuf_get_bytes(E'\\x0a07616669736b6f6e10191880082a060a0200011064' :: bytea, 1);
 protobuf_get_bytes 
--------------------
 \x616669736b6f6e
(1 row)

SELECT protobuf_get_bytes(E'\\x0a07616669736b6f6e10191880082a060a0200011064' :: bytea, 4);
 protobuf_get_bytes 
--------------------
 
(1 row)

SELECT protobuf_get_bytes(E'\\x0a07616669736b6f6e10191880082a060a0200011064' :: bytea, 5);
 protobuf_get_bytes 
--------------------
 \x0a0200011064
(1 row)

SELECT protobuf_get_string(E'\\x0a0365617810321880022202100f' :: bytea, 1);
 protobuf_get_string 
---------------------
 eax
(1 row)

SELECT protobuf_get_string(E'\\x0a07616669736b6f6e10191880082a060a0200011064' :: bytea, 1);
 protobuf_get_string 
---------------------
 afiskon
(1 row)

SELECT protobuf_get_string(E'\\x10191880082a060a0200011064822007616669736b6f6e' :: bytea, 512);
 protobuf_get_string 
---------------------
 afiskon
(1 row)

SELECT protobuf_get_string(E'\\x10321880022202100ffaa3e80303656178', 999999);
 protobuf_get_string 
---------------------
 eax
(1 row)

SELECT protobuf_get_string(E'\\x10321880022202100f82200ad0a8d183d180d0b8d0ba' :: bytea, 512);
 protobuf_get_string 
---------------------
 Шурик
(1 row)

SELECT length(protobuf_get_string(E'\\x10321880022202100f82208e02' || convert_to(repeat('a', 270), 'utf-8'), 512));
 length 
--------
    270
(1 row)

SELECT protobuf_decode(E'\\x0a036561781088ef99abc5e88c91111880022202100f');
                   protobuf_decode                    
------------------------------------------------------
 type = bytes, tag = 1, length = 3, offset = 2       +
 type = integer, tag = 2, value = 1234605616436508552+
 type = integer, tag = 3, value = 256                +
 type = bytes, tag = 4, length = 2, offset = 20      +
 
(1 row)

SELECT protobuf_get_int(E'\\x0a036561781088ef99abc5e88c91111880022202100f', 2);
  protobuf_get_int   
---------------------
 1234605616436508552
(1 row)

SELECT protobuf_decode(E'\\x0a0365617810c0bbf8ffffffffffff0118f890e6d4ba97f3eeee012202100f');
                    protobuf_decode                    
-------------------------------------------------------
 type = bytes, tag = 1, length = 3, offset = 2        +
 type = integer, tag = 2, value = -123456             +
 type = integer, tag = 3, value = -1234605616436508552+
 type = bytes, tag = 4, length = 2, offset = 29       +
 
(1 row)

SELECT protobuf_get_int(E'\\x0a0365617810c0bbf8ffffffffffff0118f890e6d4ba97f3eeee012202100f', 2);
 protobuf_get_int 
------------------
          -123456
(1 row)

SELECT protobuf_get_int(E'\\x0a0365617810c0bbf8ffffffffffff0118f890e6d4ba97f3eeee012202100f', 3);
   protobuf_get_int   
----------------------
 -1234605616436508552
(1 row)

SELECT protobuf_get_int(E'\\x0a0365617810321880022202100f306f30de0130cd02', 6);
 protobuf_get_int 
------------------
              111
(1 row)

SELECT protobuf_get_int_multi(E'\\x0a0365617810321880022202100f306f30de0130cd02', 6);
 protobuf_get_int_multi 
------------------------
 {111,222,333}
(1 row)

SELECT protobuf_get_sfixed32(E'\\x0a0365617815320000001d00ffffff2202100f', 2);
 protobuf_get_sfixed32 
-----------------------
                    50
(1 row)

SELECT protobuf_get_sfixed32(E'\\x0a0365617815320000001d00ffffff2202100f', 3);
 protobuf_get_sfixed32 
-----------------------
                  -256
(1 row)

SELECT protobuf_get_float(E'\\x0a036561781500004a421d333380c32202100f', 2);
 protobuf_get_float 
--------------------
               50.5
(1 row)

SELECT protobuf_get_float(E'\\x0a036561781500004a421d333380c32202100f', 3);
 protobuf_get_float 
--------------------
             -256.4
(1 row)

SELECT protobuf_get_sfixed64(E'\\x0a036561781132000000000000001966666666660670c02202100f', 2);
 protobuf_get_sfixed64 
-----------------------
                    50
(1 row)

SELECT protobuf_get_sfixed64(E'\\x0a07616669736b6f6e11e7ffffffffffffff1933333333330390402a060a0200011064', 2);
 protobuf_get_sfixed64 
-----------------------
                   -25
(1 row)

SELECT protobuf_get_double(E'\\x0a036561781132000000000000001966666666660670c02202100f', 3);
 protobuf_get_double 
---------------------
              -256.4
(1 row)

SELECT protobuf_get_double(E'\\x0a07616669736b6f6e11e7ffffffffffffff1933333333330390402a060a0200011064', 3);
 protobuf_get_double 
---------------------
              1024.8
(1 row)

SELECT protobuf_get_bool(E'\\x0a03656178107b18c8032202100f', 6);
 protobuf_get_bool 
-------------------
 f
(1 row)

SELECT protobuf_get_bool(E'\\x0a07616669736b6f6e10191880082a060a02000110643001', 6);
 protobuf_get_bool 
-------------------
 t
(1 row)

DROP EXTENSION pg_protobuf;
